[C 2018-12-24 15:49:35,708] (MainThread) You must define an MQTT broker, or give a command line argument
[C 2018-12-24 15:49:52,777] (MainThread) You must define an MQTT broker, or give a command line argument
